[2020-09-17T01:05:01.579+0000][0.005s][info][gc] Using Parallel
[2020-09-17T01:05:01.579+0000][0.005s][info][gc,heap,coops] Heap address: 0x00000000e0000000, size: 512 MB, Compressed Oops mode: 32-bit
[2020-09-17T01:05:02.426+0000][0.852s][info][gc,start     ] GC(0) Pause Young (Allocation Failure)
[2020-09-17T01:05:02.440+0000][0.865s][info][gc,heap      ] GC(0) PSYoungGen: 43520K->7158K(50688K)
[2020-09-17T01:05:02.440+0000][0.865s][info][gc,heap      ] GC(0) ParOldGen: 0K->4392K(466432K)
[2020-09-17T01:05:02.440+0000][0.866s][info][gc,metaspace ] GC(0) Metaspace: 11882K->11882K(1060864K)
[2020-09-17T01:05:02.440+0000][0.866s][info][gc           ] GC(0) Pause Young (Allocation Failure) 42M->11M(505M) 13.902ms
[2020-09-17T01:05:02.440+0000][0.866s][info][gc,cpu       ] GC(0) User=0.02s Sys=0.01s Real=0.01s
[2020-09-17T01:05:02.992+0000][1.418s][info][gc,start     ] GC(1) Pause Young (Metadata GC Threshold)
[2020-09-17T01:05:03.003+0000][1.429s][info][gc,heap      ] GC(1) PSYoungGen: 42858K->7166K(50688K)
[2020-09-17T01:05:03.003+0000][1.429s][info][gc,heap      ] GC(1) ParOldGen: 4392K->8671K(466432K)
[2020-09-17T01:05:03.003+0000][1.429s][info][gc,metaspace ] GC(1) Metaspace: 20650K->20650K(1069056K)
[2020-09-17T01:05:03.003+0000][1.429s][info][gc           ] GC(1) Pause Young (Metadata GC Threshold) 46M->15M(505M) 11.034ms
[2020-09-17T01:05:03.003+0000][1.429s][info][gc,cpu       ] GC(1) User=0.03s Sys=0.01s Real=0.02s
[2020-09-17T01:05:03.003+0000][1.429s][info][gc,start     ] GC(2) Pause Full (Metadata GC Threshold)
[2020-09-17T01:05:03.003+0000][1.429s][info][gc,phases,start] GC(2) Marking Phase
[2020-09-17T01:05:03.017+0000][1.443s][info][gc,phases      ] GC(2) Marking Phase 14.090ms
[2020-09-17T01:05:03.017+0000][1.443s][info][gc,phases,start] GC(2) Summary Phase
[2020-09-17T01:05:03.017+0000][1.443s][info][gc,phases      ] GC(2) Summary Phase 0.014ms
[2020-09-17T01:05:03.017+0000][1.443s][info][gc,phases,start] GC(2) Adjust Roots
[2020-09-17T01:05:03.025+0000][1.450s][info][gc,phases      ] GC(2) Adjust Roots 7.075ms
[2020-09-17T01:05:03.025+0000][1.450s][info][gc,phases,start] GC(2) Compaction Phase
[2020-09-17T01:05:03.090+0000][1.516s][info][gc,phases      ] GC(2) Compaction Phase 65.697ms
[2020-09-17T01:05:03.090+0000][1.516s][info][gc,phases,start] GC(2) Post Compact
[2020-09-17T01:05:03.091+0000][1.516s][info][gc,phases      ] GC(2) Post Compact 0.512ms
[2020-09-17T01:05:03.091+0000][1.516s][info][gc,heap        ] GC(2) PSYoungGen: 7166K->0K(50688K)
[2020-09-17T01:05:03.091+0000][1.516s][info][gc,heap        ] GC(2) ParOldGen: 8671K->15631K(466432K)
[2020-09-17T01:05:03.091+0000][1.516s][info][gc,metaspace   ] GC(2) Metaspace: 20650K->20650K(1069056K)
[2020-09-17T01:05:03.091+0000][1.516s][info][gc             ] GC(2) Pause Full (Metadata GC Threshold) 15M->15M(505M) 87.677ms
[2020-09-17T01:05:03.091+0000][1.516s][info][gc,cpu         ] GC(2) User=0.22s Sys=0.01s Real=0.08s
[2020-09-17T01:05:03.617+0000][2.043s][info][gc,start       ] GC(3) Pause Young (Allocation Failure)
[2020-09-17T01:05:03.621+0000][2.047s][info][gc,heap        ] GC(3) PSYoungGen: 43520K->3063K(50688K)
[2020-09-17T01:05:03.621+0000][2.047s][info][gc,heap        ] GC(3) ParOldGen: 15631K->15639K(466432K)
[2020-09-17T01:05:03.621+0000][2.047s][info][gc,metaspace   ] GC(3) Metaspace: 28944K->28944K(1077248K)
[2020-09-17T01:05:03.621+0000][2.047s][info][gc             ] GC(3) Pause Young (Allocation Failure) 57M->18M(505M) 3.996ms
[2020-09-17T01:05:03.621+0000][2.047s][info][gc,cpu         ] GC(3) User=0.01s Sys=0.00s Real=0.00s
[2020-09-17T01:05:03.976+0000][2.401s][info][gc,start       ] GC(4) Pause Young (Metadata GC Threshold)
[2020-09-17T01:05:03.988+0000][2.413s][info][gc,heap        ] GC(4) PSYoungGen: 27183K->6231K(50688K)
[2020-09-17T01:05:03.988+0000][2.413s][info][gc,heap        ] GC(4) ParOldGen: 15639K->15647K(466432K)
[2020-09-17T01:05:03.988+0000][2.413s][info][gc,metaspace   ] GC(4) Metaspace: 34363K->34363K(1081344K)
[2020-09-17T01:05:03.988+0000][2.413s][info][gc             ] GC(4) Pause Young (Metadata GC Threshold) 41M->21M(505M) 11.923ms
[2020-09-17T01:05:03.988+0000][2.413s][info][gc,cpu         ] GC(4) User=0.03s Sys=0.00s Real=0.01s
[2020-09-17T01:05:03.988+0000][2.414s][info][gc,start       ] GC(5) Pause Full (Metadata GC Threshold)
[2020-09-17T01:05:03.988+0000][2.414s][info][gc,phases,start] GC(5) Marking Phase
[2020-09-17T01:05:04.016+0000][2.441s][info][gc,phases      ] GC(5) Marking Phase 27.806ms
[2020-09-17T01:05:04.016+0000][2.441s][info][gc,phases,start] GC(5) Summary Phase
[2020-09-17T01:05:04.016+0000][2.441s][info][gc,phases      ] GC(5) Summary Phase 0.019ms
[2020-09-17T01:05:04.016+0000][2.441s][info][gc,phases,start] GC(5) Adjust Roots
[2020-09-17T01:05:04.024+0000][2.450s][info][gc,phases      ] GC(5) Adjust Roots 8.529ms
[2020-09-17T01:05:04.025+0000][2.450s][info][gc,phases,start] GC(5) Compaction Phase
[2020-09-17T01:05:04.057+0000][2.482s][info][gc,phases      ] GC(5) Compaction Phase 32.358ms
[2020-09-17T01:05:04.057+0000][2.482s][info][gc,phases,start] GC(5) Post Compact
[2020-09-17T01:05:04.057+0000][2.483s][info][gc,phases      ] GC(5) Post Compact 0.360ms
[2020-09-17T01:05:04.057+0000][2.483s][info][gc,heap        ] GC(5) PSYoungGen: 6231K->0K(50688K)
[2020-09-17T01:05:04.057+0000][2.483s][info][gc,heap        ] GC(5) ParOldGen: 15647K->21625K(466432K)
[2020-09-17T01:05:04.057+0000][2.483s][info][gc,metaspace   ] GC(5) Metaspace: 34363K->34363K(1081344K)
[2020-09-17T01:05:04.057+0000][2.483s][info][gc             ] GC(5) Pause Full (Metadata GC Threshold) 21M->21M(505M) 69.351ms
[2020-09-17T01:05:04.057+0000][2.483s][info][gc,cpu         ] GC(5) User=0.22s Sys=0.01s Real=0.07s
[2020-09-17T01:05:04.589+0000][3.014s][info][gc,start       ] GC(6) Pause Young (Allocation Failure)
[2020-09-17T01:05:04.599+0000][3.024s][info][gc,heap        ] GC(6) PSYoungGen: 43520K->7155K(50688K)
[2020-09-17T01:05:04.599+0000][3.024s][info][gc,heap        ] GC(6) ParOldGen: 21625K->22217K(466432K)
[2020-09-17T01:05:04.599+0000][3.024s][info][gc,metaspace   ] GC(6) Metaspace: 39518K->39518K(1085440K)
[2020-09-17T01:05:04.599+0000][3.024s][info][gc             ] GC(6) Pause Young (Allocation Failure) 63M->28M(505M) 10.303ms
[2020-09-17T01:05:04.599+0000][3.024s][info][gc,cpu         ] GC(6) User=0.02s Sys=0.01s Real=0.01s
[2020-09-17T01:05:04.662+0000][3.087s][info][gc,start       ] GC(7) Pause Young (Allocation Failure)
[2020-09-17T01:05:04.675+0000][3.101s][info][gc,heap        ] GC(7) PSYoungGen: 50675K->7165K(40448K)
[2020-09-17T01:05:04.675+0000][3.101s][info][gc,heap        ] GC(7) ParOldGen: 22217K->22401K(466432K)
[2020-09-17T01:05:04.675+0000][3.101s][info][gc,metaspace   ] GC(7) Metaspace: 39748K->39748K(1085440K)
[2020-09-17T01:05:04.675+0000][3.101s][info][gc             ] GC(7) Pause Young (Allocation Failure) 71M->28M(495M) 13.347ms
[2020-09-17T01:05:04.675+0000][3.101s][info][gc,cpu         ] GC(7) User=0.04s Sys=0.00s Real=0.02s
[2020-09-17T01:05:04.696+0000][3.122s][info][gc,start       ] GC(8) Pause Young (Allocation Failure)
[2020-09-17T01:05:04.705+0000][3.131s][info][gc,heap        ] GC(8) PSYoungGen: 40445K->7197K(45568K)
[2020-09-17T01:05:04.706+0000][3.131s][info][gc,heap        ] GC(8) ParOldGen: 22401K->22401K(466432K)
[2020-09-17T01:05:04.706+0000][3.131s][info][gc,metaspace   ] GC(8) Metaspace: 39751K->39751K(1085440K)
[2020-09-17T01:05:04.706+0000][3.131s][info][gc             ] GC(8) Pause Young (Allocation Failure) 61M->28M(500M) 9.353ms
[2020-09-17T01:05:04.706+0000][3.131s][info][gc,cpu         ] GC(8) User=0.02s Sys=0.00s Real=0.01s
[2020-09-17T01:05:04.736+0000][3.162s][info][gc,start       ] GC(9) Pause Young (Allocation Failure)
[2020-09-17T01:05:04.747+0000][3.172s][info][gc,heap        ] GC(9) PSYoungGen: 40477K->7261K(46080K)
[2020-09-17T01:05:04.747+0000][3.172s][info][gc,heap        ] GC(9) ParOldGen: 22401K->22401K(466432K)
[2020-09-17T01:05:04.747+0000][3.172s][info][gc,metaspace   ] GC(9) Metaspace: 39751K->39751K(1085440K)
[2020-09-17T01:05:04.747+0000][3.172s][info][gc             ] GC(9) Pause Young (Allocation Failure) 61M->28M(500M) 10.653ms
[2020-09-17T01:05:04.747+0000][3.172s][info][gc,cpu         ] GC(9) User=0.04s Sys=0.00s Real=0.01s
[2020-09-17T01:05:04.770+0000][3.195s][info][gc,start       ] GC(10) Pause Young (Allocation Failure)
[2020-09-17T01:05:04.783+0000][3.209s][info][gc,heap        ] GC(10) PSYoungGen: 41565K->128K(34816K)
[2020-09-17T01:05:04.783+0000][3.209s][info][gc,heap        ] GC(10) ParOldGen: 22401K->29592K(466432K)
[2020-09-17T01:05:04.783+0000][3.209s][info][gc,metaspace   ] GC(10) Metaspace: 39761K->39761K(1087488K)
[2020-09-17T01:05:04.784+0000][3.209s][info][gc             ] GC(10) Pause Young (Allocation Failure) 62M->29M(489M) 13.697ms
[2020-09-17T01:05:04.784+0000][3.209s][info][gc,cpu         ] GC(10) User=0.04s Sys=0.00s Real=0.02s
[2020-09-17T01:05:04.801+0000][3.226s][info][gc,start       ] GC(11) Pause Young (Allocation Failure)
[2020-09-17T01:05:04.809+0000][3.235s][info][gc,heap        ] GC(11) PSYoungGen: 34432K->64K(44032K)
[2020-09-17T01:05:04.809+0000][3.235s][info][gc,heap        ] GC(11) ParOldGen: 29592K->29636K(466432K)
[2020-09-17T01:05:04.809+0000][3.235s][info][gc,metaspace   ] GC(11) Metaspace: 39761K->39761K(1087488K)
[2020-09-17T01:05:04.809+0000][3.235s][info][gc             ] GC(11) Pause Young (Allocation Failure) 62M->29M(498M) 8.601ms
[2020-09-17T01:05:04.809+0000][3.235s][info][gc,cpu         ] GC(11) User=0.02s Sys=0.00s Real=0.01s
[2020-09-17T01:05:04.826+0000][3.251s][info][gc,start       ] GC(12) Pause Young (Allocation Failure)
[2020-09-17T01:05:04.827+0000][3.252s][info][gc,heap        ] GC(12) PSYoungGen: 31296K->64K(31744K)
[2020-09-17T01:05:04.827+0000][3.252s][info][gc,heap        ] GC(12) ParOldGen: 29636K->29676K(466432K)
[2020-09-17T01:05:04.827+0000][3.252s][info][gc,metaspace   ] GC(12) Metaspace: 39761K->39761K(1087488K)
[2020-09-17T01:05:04.827+0000][3.252s][info][gc             ] GC(12) Pause Young (Allocation Failure) 59M->29M(486M) 1.161ms
[2020-09-17T01:05:04.827+0000][3.252s][info][gc,cpu         ] GC(12) User=0.00s Sys=0.00s Real=0.00s
[2020-09-17T01:05:04.851+0000][3.276s][info][gc,start       ] GC(13) Pause Young (Allocation Failure)
[2020-09-17T01:05:04.860+0000][3.285s][info][gc,heap        ] GC(13) PSYoungGen: 31296K->243K(44032K)
[2020-09-17T01:05:04.860+0000][3.286s][info][gc,heap        ] GC(13) ParOldGen: 29676K->29700K(466432K)
[2020-09-17T01:05:04.860+0000][3.286s][info][gc,metaspace   ] GC(13) Metaspace: 39784K->39784K(1087488K)
[2020-09-17T01:05:04.860+0000][3.286s][info][gc             ] GC(13) Pause Young (Allocation Failure) 59M->29M(498M) 9.414ms
[2020-09-17T01:05:04.860+0000][3.286s][info][gc,cpu         ] GC(13) User=0.03s Sys=0.00s Real=0.01s
[2020-09-17T01:05:04.925+0000][3.351s][info][gc,start       ] GC(14) Pause Young (Allocation Failure)
[2020-09-17T01:05:04.928+0000][3.353s][info][gc,heap        ] GC(14) PSYoungGen: 30451K->448K(44032K)
[2020-09-17T01:05:04.928+0000][3.353s][info][gc,heap        ] GC(14) ParOldGen: 29700K->29901K(466432K)
[2020-09-17T01:05:04.928+0000][3.353s][info][gc,metaspace   ] GC(14) Metaspace: 39830K->39830K(1087488K)
[2020-09-17T01:05:04.928+0000][3.353s][info][gc             ] GC(14) Pause Young (Allocation Failure) 58M->29M(498M) 2.832ms
[2020-09-17T01:05:04.928+0000][3.353s][info][gc,cpu         ] GC(14) User=0.01s Sys=0.00s Real=0.00s
[2020-09-17T01:05:04.985+0000][3.411s][info][gc,start       ] GC(15) Pause Young (Allocation Failure)
[2020-09-17T01:05:04.988+0000][3.413s][info][gc,heap        ] GC(15) PSYoungGen: 30656K->512K(44544K)
[2020-09-17T01:05:04.988+0000][3.414s][info][gc,heap        ] GC(15) ParOldGen: 29901K->30331K(466432K)
[2020-09-17T01:05:04.988+0000][3.414s][info][gc,metaspace   ] GC(15) Metaspace: 39861K->39861K(1087488K)
[2020-09-17T01:05:04.988+0000][3.414s][info][gc             ] GC(15) Pause Young (Allocation Failure) 59M->30M(499M) 2.717ms
[2020-09-17T01:05:04.988+0000][3.414s][info][gc,cpu         ] GC(15) User=0.00s Sys=0.01s Real=0.00s
[2020-09-17T01:05:05.040+0000][3.465s][info][gc,start       ] GC(16) Pause Young (Allocation Failure)
[2020-09-17T01:05:05.041+0000][3.467s][info][gc,heap        ] GC(16) PSYoungGen: 31232K->448K(44032K)
[2020-09-17T01:05:05.041+0000][3.467s][info][gc,heap        ] GC(16) ParOldGen: 30331K->30811K(466432K)
[2020-09-17T01:05:05.041+0000][3.467s][info][gc,metaspace   ] GC(16) Metaspace: 39884K->39884K(1087488K)
[2020-09-17T01:05:05.041+0000][3.467s][info][gc             ] GC(16) Pause Young (Allocation Failure) 60M->30M(498M) 1.801ms
[2020-09-17T01:05:05.041+0000][3.467s][info][gc,cpu         ] GC(16) User=0.01s Sys=0.00s Real=0.00s
[2020-09-17T01:05:05.088+0000][3.514s][info][gc,start       ] GC(17) Pause Young (Allocation Failure)
[2020-09-17T01:05:05.090+0000][3.515s][info][gc,heap        ] GC(17) PSYoungGen: 31168K->320K(45056K)
[2020-09-17T01:05:05.090+0000][3.515s][info][gc,heap        ] GC(17) ParOldGen: 30811K->31235K(466432K)
[2020-09-17T01:05:05.090+0000][3.515s][info][gc,metaspace   ] GC(17) Metaspace: 39904K->39904K(1087488K)
[2020-09-17T01:05:05.090+0000][3.515s][info][gc             ] GC(17) Pause Young (Allocation Failure) 60M->30M(499M) 1.764ms
[2020-09-17T01:05:05.090+0000][3.515s][info][gc,cpu         ] GC(17) User=0.01s Sys=0.00s Real=0.00s
[2020-09-17T01:05:05.140+0000][3.566s][info][gc,start       ] GC(18) Pause Young (Allocation Failure)
[2020-09-17T01:05:05.143+0000][3.568s][info][gc,heap        ] GC(18) PSYoungGen: 32064K->384K(44544K)
[2020-09-17T01:05:05.143+0000][3.568s][info][gc,heap        ] GC(18) ParOldGen: 31235K->31543K(466432K)
[2020-09-17T01:05:05.143+0000][3.568s][info][gc,metaspace   ] GC(18) Metaspace: 39904K->39904K(1087488K)
[2020-09-17T01:05:05.143+0000][3.568s][info][gc             ] GC(18) Pause Young (Allocation Failure) 61M->31M(499M) 2.509ms
[2020-09-17T01:05:05.143+0000][3.568s][info][gc,cpu         ] GC(18) User=0.01s Sys=0.00s Real=0.01s
[2020-09-17T01:05:05.204+0000][3.629s][info][gc,start       ] GC(19) Pause Young (Allocation Failure)
[2020-09-17T01:05:05.207+0000][3.633s][info][gc,heap        ] GC(19) PSYoungGen: 32128K->1344K(46080K)
[2020-09-17T01:05:05.207+0000][3.633s][info][gc,heap        ] GC(19) ParOldGen: 31543K->31923K(466432K)
[2020-09-17T01:05:05.207+0000][3.633s][info][gc,metaspace   ] GC(19) Metaspace: 39913K->39913K(1087488K)
[2020-09-17T01:05:05.208+0000][3.633s][info][gc             ] GC(19) Pause Young (Allocation Failure) 62M->32M(500M) 3.887ms
[2020-09-17T01:05:05.208+0000][3.633s][info][gc,cpu         ] GC(19) User=0.00s Sys=0.01s Real=0.00s
[2020-09-17T01:05:05.252+0000][3.678s][info][gc,start       ] GC(20) Pause Young (Allocation Failure)
[2020-09-17T01:05:05.260+0000][3.685s][info][gc,heap        ] GC(20) PSYoungGen: 35136K->896K(45568K)
[2020-09-17T01:05:05.260+0000][3.685s][info][gc,heap        ] GC(20) ParOldGen: 31923K->33291K(466432K)
[2020-09-17T01:05:05.260+0000][3.685s][info][gc,metaspace   ] GC(20) Metaspace: 39928K->39928K(1087488K)
[2020-09-17T01:05:05.260+0000][3.685s][info][gc             ] GC(20) Pause Young (Allocation Failure) 65M->33M(500M) 7.433ms
[2020-09-17T01:05:05.260+0000][3.685s][info][gc,cpu         ] GC(20) User=0.02s Sys=0.00s Real=0.01s
[2020-09-17T01:05:05.297+0000][3.722s][info][gc,start       ] GC(21) Pause Young (Allocation Failure)
[2020-09-17T01:05:05.308+0000][3.734s][info][gc,heap        ] GC(21) PSYoungGen: 34688K->544K(47104K)
[2020-09-17T01:05:05.308+0000][3.734s][info][gc,heap        ] GC(21) ParOldGen: 33291K->34147K(466432K)
[2020-09-17T01:05:05.308+0000][3.734s][info][gc,metaspace   ] GC(21) Metaspace: 39946K->39946K(1087488K)
[2020-09-17T01:05:05.308+0000][3.734s][info][gc             ] GC(21) Pause Young (Allocation Failure) 66M->33M(501M) 11.833ms
[2020-09-17T01:05:05.308+0000][3.734s][info][gc,cpu         ] GC(21) User=0.03s Sys=0.00s Real=0.01s
[2020-09-17T01:05:05.362+0000][3.787s][info][gc,start       ] GC(22) Pause Young (Allocation Failure)
[2020-09-17T01:05:05.367+0000][3.793s][info][gc,heap        ] GC(22) PSYoungGen: 36384K->800K(46592K)
[2020-09-17T01:05:05.368+0000][3.793s][info][gc,heap        ] GC(22) ParOldGen: 34147K->34642K(466432K)
[2020-09-17T01:05:05.368+0000][3.793s][info][gc,metaspace   ] GC(22) Metaspace: 39952K->39952K(1087488K)
[2020-09-17T01:05:05.368+0000][3.793s][info][gc             ] GC(22) Pause Young (Allocation Failure) 68M->34M(501M) 5.676ms
[2020-09-17T01:05:05.368+0000][3.793s][info][gc,cpu         ] GC(22) User=0.02s Sys=0.01s Real=0.01s
[2020-09-17T01:05:05.425+0000][3.850s][info][gc,start       ] GC(23) Pause Young (Allocation Failure)
[2020-09-17T01:05:05.431+0000][3.857s][info][gc,heap        ] GC(23) PSYoungGen: 36640K->480K(48128K)
[2020-09-17T01:05:05.431+0000][3.857s][info][gc,heap        ] GC(23) ParOldGen: 34642K->35421K(466432K)
[2020-09-17T01:05:05.431+0000][3.857s][info][gc,metaspace   ] GC(23) Metaspace: 39952K->39952K(1087488K)
[2020-09-17T01:05:05.431+0000][3.857s][info][gc             ] GC(23) Pause Young (Allocation Failure) 69M->35M(502M) 6.695ms
[2020-09-17T01:05:05.431+0000][3.857s][info][gc,cpu         ] GC(23) User=0.01s Sys=0.00s Real=0.00s
[2020-09-17T01:05:05.493+0000][3.918s][info][gc,start       ] GC(24) Pause Young (Allocation Failure)
[2020-09-17T01:05:05.495+0000][3.921s][info][gc,heap        ] GC(24) PSYoungGen: 38368K->800K(47616K)
[2020-09-17T01:05:05.495+0000][3.921s][info][gc,heap        ] GC(24) ParOldGen: 35421K->35861K(466432K)
[2020-09-17T01:05:05.495+0000][3.921s][info][gc,metaspace   ] GC(24) Metaspace: 39964K->39964K(1087488K)
[2020-09-17T01:05:05.495+0000][3.921s][info][gc             ] GC(24) Pause Young (Allocation Failure) 72M->35M(502M) 2.341ms
[2020-09-17T01:05:05.495+0000][3.921s][info][gc,cpu         ] GC(24) User=0.01s Sys=0.00s Real=0.01s
[2020-09-17T01:05:05.551+0000][3.977s][info][gc,start       ] GC(25) Pause Young (Allocation Failure)
[2020-09-17T01:05:05.554+0000][3.980s][info][gc,heap        ] GC(25) PSYoungGen: 38687K->576K(48640K)
[2020-09-17T01:05:05.554+0000][3.980s][info][gc,heap        ] GC(25) ParOldGen: 35861K->36621K(466432K)
[2020-09-17T01:05:05.554+0000][3.980s][info][gc,metaspace   ] GC(25) Metaspace: 39964K->39964K(1087488K)
[2020-09-17T01:05:05.554+0000][3.980s][info][gc             ] GC(25) Pause Young (Allocation Failure) 72M->36M(503M) 3.002ms
[2020-09-17T01:05:05.554+0000][3.980s][info][gc,cpu         ] GC(25) User=0.01s Sys=0.00s Real=0.00s
[2020-09-17T01:05:05.604+0000][4.030s][info][gc,start       ] GC(26) Pause Young (Allocation Failure)
[2020-09-17T01:05:05.608+0000][4.033s][info][gc,heap        ] GC(26) PSYoungGen: 40000K->352K(48640K)
[2020-09-17T01:05:05.608+0000][4.033s][info][gc,heap        ] GC(26) ParOldGen: 36621K->37173K(466432K)
[2020-09-17T01:05:05.608+0000][4.033s][info][gc,metaspace   ] GC(26) Metaspace: 39965K->39965K(1087488K)
[2020-09-17T01:05:05.608+0000][4.034s][info][gc             ] GC(26) Pause Young (Allocation Failure) 74M->36M(503M) 3.853ms
[2020-09-17T01:05:05.608+0000][4.034s][info][gc,cpu         ] GC(26) User=0.01s Sys=0.00s Real=0.00s
[2020-09-17T01:05:05.656+0000][4.082s][info][gc,start       ] GC(27) Pause Young (Allocation Failure)
[2020-09-17T01:05:05.659+0000][4.084s][info][gc,heap        ] GC(27) PSYoungGen: 39776K->1040K(49664K)
[2020-09-17T01:05:05.659+0000][4.084s][info][gc,heap        ] GC(27) ParOldGen: 37173K->37453K(466432K)
[2020-09-17T01:05:05.659+0000][4.084s][info][gc,metaspace   ] GC(27) Metaspace: 39972K->39972K(1087488K)
[2020-09-17T01:05:05.659+0000][4.084s][info][gc             ] GC(27) Pause Young (Allocation Failure) 75M->37M(504M) 2.597ms
[2020-09-17T01:05:05.659+0000][4.084s][info][gc,cpu         ] GC(27) User=0.01s Sys=0.00s Real=0.00s
[2020-09-17T01:05:05.700+0000][4.125s][info][gc,start       ] GC(28) Pause Young (Allocation Failure)
[2020-09-17T01:05:05.704+0000][4.129s][info][gc,heap        ] GC(28) PSYoungGen: 42000K->982K(49152K)
[2020-09-17T01:05:05.704+0000][4.129s][info][gc,heap        ] GC(28) ParOldGen: 37453K->38483K(466432K)
[2020-09-17T01:05:05.704+0000][4.129s][info][gc,metaspace   ] GC(28) Metaspace: 39972K->39972K(1087488K)
[2020-09-17T01:05:05.704+0000][4.129s][info][gc             ] GC(28) Pause Young (Allocation Failure) 77M->38M(503M) 3.986ms
[2020-09-17T01:05:05.704+0000][4.129s][info][gc,cpu         ] GC(28) User=0.01s Sys=0.01s Real=0.01s
[2020-09-17T01:05:05.743+0000][4.168s][info][gc,start       ] GC(29) Pause Young (Allocation Failure)
[2020-09-17T01:05:05.746+0000][4.171s][info][gc,heap        ] GC(29) PSYoungGen: 41942K->672K(50688K)
[2020-09-17T01:05:05.746+0000][4.171s][info][gc,heap        ] GC(29) ParOldGen: 38483K->39371K(466432K)
[2020-09-17T01:05:05.746+0000][4.171s][info][gc,metaspace   ] GC(29) Metaspace: 39972K->39972K(1087488K)
[2020-09-17T01:05:05.746+0000][4.171s][info][gc             ] GC(29) Pause Young (Allocation Failure) 78M->39M(505M) 2.759ms
[2020-09-17T01:05:05.746+0000][4.171s][info][gc,cpu         ] GC(29) User=0.01s Sys=0.00s Real=0.00s
[2020-09-17T01:05:05.795+0000][4.220s][info][gc,start       ] GC(30) Pause Young (Allocation Failure)
[2020-09-17T01:05:05.797+0000][4.223s][info][gc,heap        ] GC(30) PSYoungGen: 43680K->416K(50176K)
[2020-09-17T01:05:05.797+0000][4.223s][info][gc,heap        ] GC(30) ParOldGen: 39371K->39987K(466432K)
[2020-09-17T01:05:05.797+0000][4.223s][info][gc,metaspace   ] GC(30) Metaspace: 39972K->39972K(1087488K)
[2020-09-17T01:05:05.797+0000][4.223s][info][gc             ] GC(30) Pause Young (Allocation Failure) 81M->39M(504M) 2.605ms
[2020-09-17T01:05:05.797+0000][4.223s][info][gc,cpu         ] GC(30) User=0.01s Sys=0.00s Real=0.01s
[2020-09-17T01:05:05.860+0000][4.286s][info][gc,start       ] GC(31) Pause Young (Allocation Failure)
[2020-09-17T01:05:05.863+0000][4.289s][info][gc,heap        ] GC(31) PSYoungGen: 43424K->640K(51712K)
[2020-09-17T01:05:05.863+0000][4.289s][info][gc,heap        ] GC(31) ParOldGen: 39987K->40379K(466432K)
[2020-09-17T01:05:05.863+0000][4.289s][info][gc,metaspace   ] GC(31) Metaspace: 39972K->39972K(1087488K)
[2020-09-17T01:05:05.863+0000][4.289s][info][gc             ] GC(31) Pause Young (Allocation Failure) 81M->40M(506M) 2.980ms
[2020-09-17T01:05:05.863+0000][4.289s][info][gc,cpu         ] GC(31) User=0.01s Sys=0.00s Real=0.01s
[2020-09-17T01:05:06.110+0000][4.536s][info][gc,start       ] GC(32) Pause Young (Allocation Failure)
[2020-09-17T01:05:06.114+0000][4.539s][info][gc,heap        ] GC(32) PSYoungGen: 45696K->864K(51200K)
[2020-09-17T01:05:06.114+0000][4.539s][info][gc,heap        ] GC(32) ParOldGen: 40379K->40999K(466432K)
[2020-09-17T01:05:06.114+0000][4.539s][info][gc,metaspace   ] GC(32) Metaspace: 40873K->40873K(1087488K)
[2020-09-17T01:05:06.114+0000][4.539s][info][gc             ] GC(32) Pause Young (Allocation Failure) 84M->40M(505M) 3.872ms
[2020-09-17T01:05:06.114+0000][4.539s][info][gc,cpu         ] GC(32) User=0.01s Sys=0.00s Real=0.00s
[2020-09-17T01:05:06.345+0000][4.770s][info][gc,start       ] GC(33) Pause Young (Allocation Failure)
[2020-09-17T01:05:06.350+0000][4.776s][info][gc,heap        ] GC(33) PSYoungGen: 45920K->2880K(51712K)
[2020-09-17T01:05:06.350+0000][4.776s][info][gc,heap        ] GC(33) ParOldGen: 40999K->41719K(466432K)
[2020-09-17T01:05:06.350+0000][4.776s][info][gc,metaspace   ] GC(33) Metaspace: 41605K->41605K(1087488K)
[2020-09-17T01:05:06.350+0000][4.776s][info][gc             ] GC(33) Pause Young (Allocation Failure) 84M->43M(506M) 5.895ms
[2020-09-17T01:05:06.350+0000][4.776s][info][gc,cpu         ] GC(33) User=0.01s Sys=0.01s Real=0.00s
[2020-09-17T01:05:06.492+0000][4.917s][info][gc,start       ] GC(34) Pause Young (Allocation Failure)
[2020-09-17T01:05:06.499+0000][4.925s][info][gc,heap        ] GC(34) PSYoungGen: 48448K->3392K(49152K)
[2020-09-17T01:05:06.499+0000][4.925s][info][gc,heap        ] GC(34) ParOldGen: 41719K->44064K(466432K)
[2020-09-17T01:05:06.499+0000][4.925s][info][gc,metaspace   ] GC(34) Metaspace: 41656K->41656K(1087488K)
[2020-09-17T01:05:06.499+0000][4.925s][info][gc             ] GC(34) Pause Young (Allocation Failure) 88M->46M(503M) 7.635ms
[2020-09-17T01:05:06.499+0000][4.925s][info][gc,cpu         ] GC(34) User=0.02s Sys=0.00s Real=0.01s
[2020-09-17T01:05:06.608+0000][5.033s][info][gc,start       ] GC(35) Pause Young (Allocation Failure)
[2020-09-17T01:05:06.614+0000][5.039s][info][gc,heap        ] GC(35) PSYoungGen: 48959K->864K(51712K)
[2020-09-17T01:05:06.614+0000][5.039s][info][gc,heap        ] GC(35) ParOldGen: 44064K->47255K(466432K)
[2020-09-17T01:05:06.614+0000][5.039s][info][gc,metaspace   ] GC(35) Metaspace: 41656K->41656K(1087488K)
[2020-09-17T01:05:06.614+0000][5.039s][info][gc             ] GC(35) Pause Young (Allocation Failure) 90M->46M(506M) 5.856ms
[2020-09-17T01:05:06.614+0000][5.039s][info][gc,cpu         ] GC(35) User=0.02s Sys=0.00s Real=0.00s
[2020-09-17T01:05:06.686+0000][5.111s][info][gc,start       ] GC(36) Pause Young (Allocation Failure)
[2020-09-17T01:05:06.690+0000][5.115s][info][gc,heap        ] GC(36) PSYoungGen: 45920K->768K(51200K)
[2020-09-17T01:05:06.690+0000][5.115s][info][gc,heap        ] GC(36) ParOldGen: 47255K->47791K(466432K)
[2020-09-17T01:05:06.690+0000][5.115s][info][gc,metaspace   ] GC(36) Metaspace: 41656K->41656K(1087488K)
[2020-09-17T01:05:06.690+0000][5.115s][info][gc             ] GC(36) Pause Young (Allocation Failure) 90M->47M(505M) 4.009ms
[2020-09-17T01:05:06.690+0000][5.115s][info][gc,cpu         ] GC(36) User=0.01s Sys=0.00s Real=0.00s
[2020-09-17T01:05:06.759+0000][5.185s][info][gc,start       ] GC(37) Pause Young (Allocation Failure)
[2020-09-17T01:05:06.763+0000][5.188s][info][gc,heap        ] GC(37) PSYoungGen: 45824K->672K(52224K)
[2020-09-17T01:05:06.763+0000][5.188s][info][gc,heap        ] GC(37) ParOldGen: 47791K->48183K(466432K)
[2020-09-17T01:05:06.763+0000][5.188s][info][gc,metaspace   ] GC(37) Metaspace: 41656K->41656K(1087488K)
[2020-09-17T01:05:06.763+0000][5.188s][info][gc             ] GC(37) Pause Young (Allocation Failure) 91M->47M(506M) 3.883ms
[2020-09-17T01:05:06.763+0000][5.188s][info][gc,cpu         ] GC(37) User=0.01s Sys=0.00s Real=0.01s
[2020-09-17T01:05:06.839+0000][5.264s][info][gc,start       ] GC(38) Pause Young (Allocation Failure)
[2020-09-17T01:05:06.843+0000][5.268s][info][gc,heap        ] GC(38) PSYoungGen: 47264K->768K(52224K)
[2020-09-17T01:05:06.843+0000][5.268s][info][gc,heap        ] GC(38) ParOldGen: 48183K->48535K(466432K)
[2020-09-17T01:05:06.843+0000][5.268s][info][gc,metaspace   ] GC(38) Metaspace: 41657K->41657K(1087488K)
[2020-09-17T01:05:06.843+0000][5.268s][info][gc             ] GC(38) Pause Young (Allocation Failure) 93M->48M(506M) 3.661ms
[2020-09-17T01:05:06.843+0000][5.268s][info][gc,cpu         ] GC(38) User=0.01s Sys=0.00s Real=0.00s
[2020-09-17T01:05:06.976+0000][5.402s][info][gc,start       ] GC(39) Pause Young (Allocation Failure)
[2020-09-17T01:05:06.982+0000][5.408s][info][gc,heap        ] GC(39) PSYoungGen: 47360K->2160K(52736K)
[2020-09-17T01:05:06.983+0000][5.408s][info][gc,heap        ] GC(39) ParOldGen: 48535K->49031K(466432K)
[2020-09-17T01:05:06.983+0000][5.408s][info][gc,metaspace   ] GC(39) Metaspace: 41657K->41657K(1087488K)
[2020-09-17T01:05:06.983+0000][5.408s][info][gc             ] GC(39) Pause Young (Allocation Failure) 93M->49M(507M) 6.462ms
[2020-09-17T01:05:06.983+0000][5.408s][info][gc,cpu         ] GC(39) User=0.02s Sys=0.00s Real=0.00s
[2020-09-17T01:05:07.114+0000][5.540s][info][gc,start       ] GC(40) Pause Young (Allocation Failure)
[2020-09-17T01:05:07.122+0000][5.547s][info][gc,heap        ] GC(40) PSYoungGen: 49776K->1312K(52736K)
[2020-09-17T01:05:07.122+0000][5.547s][info][gc,heap        ] GC(40) ParOldGen: 49031K->50759K(466432K)
[2020-09-17T01:05:07.122+0000][5.547s][info][gc,metaspace   ] GC(40) Metaspace: 41657K->41657K(1087488K)
[2020-09-17T01:05:07.122+0000][5.547s][info][gc             ] GC(40) Pause Young (Allocation Failure) 96M->50M(507M) 7.396ms
[2020-09-17T01:05:07.122+0000][5.547s][info][gc,cpu         ] GC(40) User=0.01s Sys=0.00s Real=0.01s
[2020-09-17T01:05:07.220+0000][5.646s][info][gc,start       ] GC(41) Pause Young (Allocation Failure)
[2020-09-17T01:05:07.233+0000][5.658s][info][gc,heap        ] GC(41) PSYoungGen: 48928K->1008K(53248K)
[2020-09-17T01:05:07.233+0000][5.658s][info][gc,heap        ] GC(41) ParOldGen: 50759K->51583K(466432K)
[2020-09-17T01:05:07.233+0000][5.658s][info][gc,metaspace   ] GC(41) Metaspace: 41658K->41658K(1087488K)
[2020-09-17T01:05:07.233+0000][5.658s][info][gc             ] GC(41) Pause Young (Allocation Failure) 97M->51M(507M) 12.430ms
[2020-09-17T01:05:07.233+0000][5.658s][info][gc,cpu         ] GC(41) User=0.03s Sys=0.00s Real=0.01s
[2020-09-17T01:05:07.658+0000][6.083s][info][gc,start       ] GC(42) Pause Young (Allocation Failure)
[2020-09-17T01:05:07.671+0000][6.097s][info][gc,heap        ] GC(42) PSYoungGen: 49648K->4576K(53248K)
[2020-09-17T01:05:07.671+0000][6.097s][info][gc,heap        ] GC(42) ParOldGen: 51583K->52886K(466432K)
[2020-09-17T01:05:07.671+0000][6.097s][info][gc,metaspace   ] GC(42) Metaspace: 43437K->43437K(1089536K)
[2020-09-17T01:05:07.671+0000][6.097s][info][gc             ] GC(42) Pause Young (Allocation Failure) 98M->56M(507M) 13.366ms
[2020-09-17T01:05:07.671+0000][6.097s][info][gc,cpu         ] GC(42) User=0.04s Sys=0.01s Real=0.01s
[2020-09-17T01:05:08.556+0000][6.981s][info][gc,start       ] GC(43) Pause Young (Allocation Failure)
[2020-09-17T01:05:08.565+0000][6.991s][info][gc,heap        ] GC(43) PSYoungGen: 53216K->3648K(50176K)
[2020-09-17T01:05:08.565+0000][6.991s][info][gc,heap        ] GC(43) ParOldGen: 52886K->56938K(466432K)
[2020-09-17T01:05:08.565+0000][6.991s][info][gc,metaspace   ] GC(43) Metaspace: 44158K->44158K(1091584K)
[2020-09-17T01:05:08.565+0000][6.991s][info][gc             ] GC(43) Pause Young (Allocation Failure) 103M->59M(504M) 9.392ms
[2020-09-17T01:05:08.565+0000][6.991s][info][gc,cpu         ] GC(43) User=0.03s Sys=0.00s Real=0.01s
[2020-09-17T01:05:09.399+0000][7.824s][info][gc,start       ] GC(44) Pause Young (Allocation Failure)
[2020-09-17T01:05:09.404+0000][7.829s][info][gc,heap        ] GC(44) PSYoungGen: 49216K->192K(51712K)
[2020-09-17T01:05:09.404+0000][7.829s][info][gc,heap        ] GC(44) ParOldGen: 56938K->59078K(466432K)
[2020-09-17T01:05:09.404+0000][7.829s][info][gc,metaspace   ] GC(44) Metaspace: 44513K->44513K(1091584K)
[2020-09-17T01:05:09.404+0000][7.829s][info][gc             ] GC(44) Pause Young (Allocation Failure) 103M->57M(506M) 5.045ms
[2020-09-17T01:05:09.404+0000][7.829s][info][gc,cpu         ] GC(44) User=0.01s Sys=0.00s Real=0.01s
[2020-09-17T01:05:10.262+0000][8.688s][info][gc,start       ] GC(45) Pause Young (Allocation Failure)
[2020-09-17T01:05:10.267+0000][8.692s][info][gc,heap        ] GC(45) PSYoungGen: 45760K->2221K(51712K)
[2020-09-17T01:05:10.267+0000][8.692s][info][gc,heap        ] GC(45) ParOldGen: 59078K->59214K(466432K)
[2020-09-17T01:05:10.267+0000][8.692s][info][gc,metaspace   ] GC(45) Metaspace: 49026K->49026K(1095680K)
[2020-09-17T01:05:10.267+0000][8.693s][info][gc             ] GC(45) Pause Young (Allocation Failure) 102M->59M(506M) 4.511ms
[2020-09-17T01:05:10.267+0000][8.693s][info][gc,cpu         ] GC(45) User=0.01s Sys=0.00s Real=0.01s
[2020-09-17T01:05:11.099+0000][9.525s][info][gc,start       ] GC(46) Pause Young (Allocation Failure)
[2020-09-17T01:05:11.108+0000][9.534s][info][gc,heap        ] GC(46) PSYoungGen: 47789K->5384K(51200K)
[2020-09-17T01:05:11.108+0000][9.534s][info][gc,heap        ] GC(46) ParOldGen: 59214K->61343K(466432K)
[2020-09-17T01:05:11.108+0000][9.534s][info][gc,metaspace   ] GC(46) Metaspace: 55018K->55018K(1099776K)
[2020-09-17T01:05:11.108+0000][9.534s][info][gc             ] GC(46) Pause Young (Allocation Failure) 104M->65M(505M) 8.582ms
[2020-09-17T01:05:11.108+0000][9.534s][info][gc,cpu         ] GC(46) User=0.02s Sys=0.00s Real=0.01s
[2020-09-17T01:05:11.571+0000][9.996s][info][gc,heap,exit   ] Heap
[2020-09-17T01:05:11.571+0000][9.996s][info][gc,heap,exit   ]  PSYoungGen      total 51200K, used 31414K [0x00000000fc780000, 0x0000000100000000, 0x0000000100000000)
[2020-09-17T01:05:11.571+0000][9.996s][info][gc,heap,exit   ]   eden space 45568K, 57% used [0x00000000fc780000,0x00000000fe0eba90,0x00000000ff400000)
[2020-09-17T01:05:11.571+0000][9.997s][info][gc,heap,exit   ]   from space 5632K, 95% used [0x00000000ff400000,0x00000000ff942050,0x00000000ff980000)
[2020-09-17T01:05:11.571+0000][9.997s][info][gc,heap,exit   ]   to   space 6656K, 0% used [0x00000000ff980000,0x00000000ff980000,0x0000000100000000)
[2020-09-17T01:05:11.571+0000][9.997s][info][gc,heap,exit   ]  ParOldGen       total 466432K, used 61343K [0x00000000e0000000, 0x00000000fc780000, 0x00000000fc780000)
[2020-09-17T01:05:11.571+0000][9.997s][info][gc,heap,exit   ]   object space 466432K, 13% used [0x00000000e0000000,0x00000000e3be7dc8,0x00000000fc780000)
[2020-09-17T01:05:11.571+0000][9.997s][info][gc,heap,exit   ]  Metaspace       used 57003K, capacity 57482K, committed 58664K, reserved 1101824K
[2020-09-17T01:05:11.571+0000][9.997s][info][gc,heap,exit   ]   class space    used 5481K, capacity 5636K, committed 5752K, reserved 1048576K
