[2020-09-15T01:05:01.385+0000][0.005s][info][gc] Using Parallel
[2020-09-15T01:05:01.385+0000][0.005s][info][gc,heap,coops] Heap address: 0x00000000e0000000, size: 512 MB, Compressed Oops mode: 32-bit
[2020-09-15T01:05:02.189+0000][0.808s][info][gc,start     ] GC(0) Pause Young (Allocation Failure)
[2020-09-15T01:05:02.199+0000][0.818s][info][gc,heap      ] GC(0) PSYoungGen: 43520K->7162K(50688K)
[2020-09-15T01:05:02.199+0000][0.818s][info][gc,heap      ] GC(0) ParOldGen: 0K->4385K(466432K)
[2020-09-15T01:05:02.199+0000][0.818s][info][gc,metaspace ] GC(0) Metaspace: 11889K->11889K(1060864K)
[2020-09-15T01:05:02.199+0000][0.818s][info][gc           ] GC(0) Pause Young (Allocation Failure) 42M->11M(505M) 10.351ms
[2020-09-15T01:05:02.199+0000][0.818s][info][gc,cpu       ] GC(0) User=0.02s Sys=0.00s Real=0.01s
[2020-09-15T01:05:02.702+0000][1.322s][info][gc,start     ] GC(1) Pause Young (Metadata GC Threshold)
[2020-09-15T01:05:02.713+0000][1.333s][info][gc,heap      ] GC(1) PSYoungGen: 41921K->7155K(50688K)
[2020-09-15T01:05:02.713+0000][1.333s][info][gc,heap      ] GC(1) ParOldGen: 4385K->8691K(466432K)
[2020-09-15T01:05:02.713+0000][1.333s][info][gc,metaspace ] GC(1) Metaspace: 20503K->20503K(1069056K)
[2020-09-15T01:05:02.713+0000][1.333s][info][gc           ] GC(1) Pause Young (Metadata GC Threshold) 45M->15M(505M) 11.171ms
[2020-09-15T01:05:02.713+0000][1.333s][info][gc,cpu       ] GC(1) User=0.03s Sys=0.01s Real=0.01s
[2020-09-15T01:05:02.713+0000][1.333s][info][gc,start     ] GC(2) Pause Full (Metadata GC Threshold)
[2020-09-15T01:05:02.713+0000][1.333s][info][gc,phases,start] GC(2) Marking Phase
[2020-09-15T01:05:02.726+0000][1.345s][info][gc,phases      ] GC(2) Marking Phase 12.152ms
[2020-09-15T01:05:02.726+0000][1.345s][info][gc,phases,start] GC(2) Summary Phase
[2020-09-15T01:05:02.726+0000][1.345s][info][gc,phases      ] GC(2) Summary Phase 0.014ms
[2020-09-15T01:05:02.726+0000][1.345s][info][gc,phases,start] GC(2) Adjust Roots
[2020-09-15T01:05:02.733+0000][1.352s][info][gc,phases      ] GC(2) Adjust Roots 7.287ms
[2020-09-15T01:05:02.733+0000][1.352s][info][gc,phases,start] GC(2) Compaction Phase
[2020-09-15T01:05:02.782+0000][1.402s][info][gc,phases      ] GC(2) Compaction Phase 49.214ms
[2020-09-15T01:05:02.782+0000][1.402s][info][gc,phases,start] GC(2) Post Compact
[2020-09-15T01:05:02.783+0000][1.402s][info][gc,phases      ] GC(2) Post Compact 0.467ms
[2020-09-15T01:05:02.783+0000][1.402s][info][gc,heap        ] GC(2) PSYoungGen: 7155K->0K(50688K)
[2020-09-15T01:05:02.783+0000][1.402s][info][gc,heap        ] GC(2) ParOldGen: 8691K->15565K(466432K)
[2020-09-15T01:05:02.783+0000][1.402s][info][gc,metaspace   ] GC(2) Metaspace: 20503K->20503K(1069056K)
[2020-09-15T01:05:02.783+0000][1.402s][info][gc             ] GC(2) Pause Full (Metadata GC Threshold) 15M->15M(505M) 69.383ms
[2020-09-15T01:05:02.783+0000][1.402s][info][gc,cpu         ] GC(2) User=0.22s Sys=0.01s Real=0.07s
[2020-09-15T01:05:03.294+0000][1.913s][info][gc,start       ] GC(3) Pause Young (Allocation Failure)
[2020-09-15T01:05:03.298+0000][1.917s][info][gc,heap        ] GC(3) PSYoungGen: 43520K->3031K(50688K)
[2020-09-15T01:05:03.298+0000][1.917s][info][gc,heap        ] GC(3) ParOldGen: 15565K->15573K(466432K)
[2020-09-15T01:05:03.298+0000][1.917s][info][gc,metaspace   ] GC(3) Metaspace: 28794K->28794K(1077248K)
[2020-09-15T01:05:03.298+0000][1.917s][info][gc             ] GC(3) Pause Young (Allocation Failure) 57M->18M(505M) 3.989ms
[2020-09-15T01:05:03.298+0000][1.917s][info][gc,cpu         ] GC(3) User=0.01s Sys=0.00s Real=0.01s
[2020-09-15T01:05:03.682+0000][2.301s][info][gc,start       ] GC(4) Pause Young (Metadata GC Threshold)
[2020-09-15T01:05:03.690+0000][2.309s][info][gc,heap        ] GC(4) PSYoungGen: 27130K->6187K(50688K)
[2020-09-15T01:05:03.690+0000][2.309s][info][gc,heap        ] GC(4) ParOldGen: 15573K->15573K(466432K)
[2020-09-15T01:05:03.690+0000][2.309s][info][gc,metaspace   ] GC(4) Metaspace: 34213K->34213K(1081344K)
[2020-09-15T01:05:03.690+0000][2.309s][info][gc             ] GC(4) Pause Young (Metadata GC Threshold) 41M->21M(505M) 7.701ms
[2020-09-15T01:05:03.690+0000][2.309s][info][gc,cpu         ] GC(4) User=0.03s Sys=0.00s Real=0.01s
[2020-09-15T01:05:03.690+0000][2.309s][info][gc,start       ] GC(5) Pause Full (Metadata GC Threshold)
[2020-09-15T01:05:03.690+0000][2.309s][info][gc,phases,start] GC(5) Marking Phase
[2020-09-15T01:05:03.714+0000][2.333s][info][gc,phases      ] GC(5) Marking Phase 24.155ms
[2020-09-15T01:05:03.714+0000][2.333s][info][gc,phases,start] GC(5) Summary Phase
[2020-09-15T01:05:03.714+0000][2.334s][info][gc,phases      ] GC(5) Summary Phase 0.018ms
[2020-09-15T01:05:03.714+0000][2.334s][info][gc,phases,start] GC(5) Adjust Roots
[2020-09-15T01:05:03.723+0000][2.343s][info][gc,phases      ] GC(5) Adjust Roots 9.017ms
[2020-09-15T01:05:03.723+0000][2.343s][info][gc,phases,start] GC(5) Compaction Phase
[2020-09-15T01:05:03.759+0000][2.379s][info][gc,phases      ] GC(5) Compaction Phase 35.907ms
[2020-09-15T01:05:03.759+0000][2.379s][info][gc,phases,start] GC(5) Post Compact
[2020-09-15T01:05:03.759+0000][2.379s][info][gc,phases      ] GC(5) Post Compact 0.325ms
[2020-09-15T01:05:03.759+0000][2.379s][info][gc,heap        ] GC(5) PSYoungGen: 6187K->0K(50688K)
[2020-09-15T01:05:03.759+0000][2.379s][info][gc,heap        ] GC(5) ParOldGen: 15573K->21526K(466432K)
[2020-09-15T01:05:03.759+0000][2.379s][info][gc,metaspace   ] GC(5) Metaspace: 34213K->34213K(1081344K)
[2020-09-15T01:05:03.759+0000][2.379s][info][gc             ] GC(5) Pause Full (Metadata GC Threshold) 21M->21M(505M) 69.686ms
[2020-09-15T01:05:03.760+0000][2.379s][info][gc,cpu         ] GC(5) User=0.22s Sys=0.01s Real=0.07s
[2020-09-15T01:05:04.256+0000][2.875s][info][gc,start       ] GC(6) Pause Young (Allocation Failure)
[2020-09-15T01:05:04.268+0000][2.887s][info][gc,heap        ] GC(6) PSYoungGen: 43520K->7141K(50688K)
[2020-09-15T01:05:04.268+0000][2.887s][info][gc,heap        ] GC(6) ParOldGen: 21526K->22190K(466432K)
[2020-09-15T01:05:04.268+0000][2.887s][info][gc,metaspace   ] GC(6) Metaspace: 39341K->39341K(1085440K)
[2020-09-15T01:05:04.268+0000][2.887s][info][gc             ] GC(6) Pause Young (Allocation Failure) 63M->28M(505M) 11.835ms
[2020-09-15T01:05:04.268+0000][2.887s][info][gc,cpu         ] GC(6) User=0.03s Sys=0.00s Real=0.01s
[2020-09-15T01:05:04.339+0000][2.959s][info][gc,start       ] GC(7) Pause Young (Allocation Failure)
[2020-09-15T01:05:04.348+0000][2.968s][info][gc,heap        ] GC(7) PSYoungGen: 50661K->7104K(40448K)
[2020-09-15T01:05:04.348+0000][2.968s][info][gc,heap        ] GC(7) ParOldGen: 22190K->22451K(466432K)
[2020-09-15T01:05:04.348+0000][2.968s][info][gc,metaspace   ] GC(7) Metaspace: 39678K->39678K(1087488K)
[2020-09-15T01:05:04.348+0000][2.968s][info][gc             ] GC(7) Pause Young (Allocation Failure) 71M->28M(495M) 8.975ms
[2020-09-15T01:05:04.348+0000][2.968s][info][gc,cpu         ] GC(7) User=0.03s Sys=0.00s Real=0.01s
[2020-09-15T01:05:04.368+0000][2.988s][info][gc,start       ] GC(8) Pause Young (Allocation Failure)
[2020-09-15T01:05:04.376+0000][2.996s][info][gc,heap        ] GC(8) PSYoungGen: 40384K->7136K(45568K)
[2020-09-15T01:05:04.376+0000][2.996s][info][gc,heap        ] GC(8) ParOldGen: 22451K->22451K(466432K)
[2020-09-15T01:05:04.376+0000][2.996s][info][gc,metaspace   ] GC(8) Metaspace: 39681K->39681K(1087488K)
[2020-09-15T01:05:04.377+0000][2.996s][info][gc             ] GC(8) Pause Young (Allocation Failure) 61M->28M(500M) 8.298ms
[2020-09-15T01:05:04.377+0000][2.996s][info][gc,cpu         ] GC(8) User=0.02s Sys=0.00s Real=0.01s
[2020-09-15T01:05:04.396+0000][3.016s][info][gc,start       ] GC(9) Pause Young (Allocation Failure)
[2020-09-15T01:05:04.407+0000][3.026s][info][gc,heap        ] GC(9) PSYoungGen: 40416K->7136K(46080K)
[2020-09-15T01:05:04.407+0000][3.026s][info][gc,heap        ] GC(9) ParOldGen: 22451K->22459K(466432K)
[2020-09-15T01:05:04.407+0000][3.026s][info][gc,metaspace   ] GC(9) Metaspace: 39681K->39681K(1087488K)
[2020-09-15T01:05:04.407+0000][3.026s][info][gc             ] GC(9) Pause Young (Allocation Failure) 61M->28M(500M) 10.787ms
[2020-09-15T01:05:04.407+0000][3.026s][info][gc,cpu         ] GC(9) User=0.04s Sys=0.00s Real=0.01s
[2020-09-15T01:05:04.429+0000][3.048s][info][gc,start       ] GC(10) Pause Young (Allocation Failure)
[2020-09-15T01:05:04.443+0000][3.063s][info][gc,heap        ] GC(10) PSYoungGen: 41440K->160K(34816K)
[2020-09-15T01:05:04.443+0000][3.063s][info][gc,heap        ] GC(10) ParOldGen: 22459K->29536K(466432K)
[2020-09-15T01:05:04.443+0000][3.063s][info][gc,metaspace   ] GC(10) Metaspace: 39688K->39688K(1087488K)
[2020-09-15T01:05:04.443+0000][3.063s][info][gc             ] GC(10) Pause Young (Allocation Failure) 62M->29M(489M) 14.595ms
[2020-09-15T01:05:04.443+0000][3.063s][info][gc,cpu         ] GC(10) User=0.05s Sys=0.00s Real=0.02s
[2020-09-15T01:05:04.465+0000][3.085s][info][gc,start       ] GC(11) Pause Young (Allocation Failure)
[2020-09-15T01:05:04.467+0000][3.086s][info][gc,heap        ] GC(11) PSYoungGen: 34464K->64K(44032K)
[2020-09-15T01:05:04.467+0000][3.086s][info][gc,heap        ] GC(11) ParOldGen: 29536K->29584K(466432K)
[2020-09-15T01:05:04.467+0000][3.086s][info][gc,metaspace   ] GC(11) Metaspace: 39688K->39688K(1087488K)
[2020-09-15T01:05:04.467+0000][3.086s][info][gc             ] GC(11) Pause Young (Allocation Failure) 62M->28M(498M) 1.304ms
[2020-09-15T01:05:04.467+0000][3.086s][info][gc,cpu         ] GC(11) User=0.00s Sys=0.00s Real=0.00s
[2020-09-15T01:05:04.498+0000][3.117s][info][gc,start       ] GC(12) Pause Young (Allocation Failure)
[2020-09-15T01:05:04.503+0000][3.123s][info][gc,heap        ] GC(12) PSYoungGen: 31296K->32K(31744K)
[2020-09-15T01:05:04.503+0000][3.123s][info][gc,heap        ] GC(12) ParOldGen: 29584K->29616K(466432K)
[2020-09-15T01:05:04.504+0000][3.123s][info][gc,metaspace   ] GC(12) Metaspace: 39688K->39688K(1087488K)
[2020-09-15T01:05:04.504+0000][3.123s][info][gc             ] GC(12) Pause Young (Allocation Failure) 59M->28M(486M) 5.919ms
[2020-09-15T01:05:04.504+0000][3.123s][info][gc,cpu         ] GC(12) User=0.01s Sys=0.00s Real=0.01s
[2020-09-15T01:05:04.527+0000][3.147s][info][gc,start       ] GC(13) Pause Young (Allocation Failure)
[2020-09-15T01:05:04.529+0000][3.149s][info][gc,heap        ] GC(13) PSYoungGen: 31264K->64K(44032K)
[2020-09-15T01:05:04.529+0000][3.149s][info][gc,heap        ] GC(13) ParOldGen: 29616K->29640K(466432K)
[2020-09-15T01:05:04.529+0000][3.149s][info][gc,metaspace   ] GC(13) Metaspace: 39688K->39688K(1087488K)
[2020-09-15T01:05:04.529+0000][3.149s][info][gc             ] GC(13) Pause Young (Allocation Failure) 59M->29M(498M) 2.187ms
[2020-09-15T01:05:04.529+0000][3.149s][info][gc,cpu         ] GC(13) User=0.00s Sys=0.00s Real=0.00s
[2020-09-15T01:05:04.589+0000][3.209s][info][gc,start       ] GC(14) Pause Young (Allocation Failure)
[2020-09-15T01:05:04.592+0000][3.211s][info][gc,heap        ] GC(14) PSYoungGen: 30272K->563K(44032K)
[2020-09-15T01:05:04.592+0000][3.211s][info][gc,heap        ] GC(14) ParOldGen: 29640K->29656K(466432K)
[2020-09-15T01:05:04.592+0000][3.211s][info][gc,metaspace   ] GC(14) Metaspace: 39744K->39744K(1087488K)
[2020-09-15T01:05:04.592+0000][3.211s][info][gc             ] GC(14) Pause Young (Allocation Failure) 58M->29M(498M) 2.410ms
[2020-09-15T01:05:04.592+0000][3.211s][info][gc,cpu         ] GC(14) User=0.01s Sys=0.00s Real=0.00s
[2020-09-15T01:05:04.647+0000][3.267s][info][gc,start       ] GC(15) Pause Young (Allocation Failure)
[2020-09-15T01:05:04.650+0000][3.270s][info][gc,heap        ] GC(15) PSYoungGen: 30771K->480K(44544K)
[2020-09-15T01:05:04.650+0000][3.270s][info][gc,heap        ] GC(15) ParOldGen: 29656K->30203K(466432K)
[2020-09-15T01:05:04.650+0000][3.270s][info][gc,metaspace   ] GC(15) Metaspace: 39786K->39786K(1087488K)
[2020-09-15T01:05:04.650+0000][3.270s][info][gc             ] GC(15) Pause Young (Allocation Failure) 59M->29M(499M) 2.961ms
[2020-09-15T01:05:04.650+0000][3.270s][info][gc,cpu         ] GC(15) User=0.01s Sys=0.00s Real=0.00s
[2020-09-15T01:05:04.697+0000][3.317s][info][gc,start       ] GC(16) Pause Young (Allocation Failure)
[2020-09-15T01:05:04.699+0000][3.319s][info][gc,heap        ] GC(16) PSYoungGen: 31200K->448K(44032K)
[2020-09-15T01:05:04.699+0000][3.319s][info][gc,heap        ] GC(16) ParOldGen: 30203K->30668K(466432K)
[2020-09-15T01:05:04.699+0000][3.319s][info][gc,metaspace   ] GC(16) Metaspace: 39801K->39801K(1087488K)
[2020-09-15T01:05:04.699+0000][3.319s][info][gc             ] GC(16) Pause Young (Allocation Failure) 59M->30M(498M) 2.153ms
[2020-09-15T01:05:04.699+0000][3.319s][info][gc,cpu         ] GC(16) User=0.01s Sys=0.00s Real=0.00s
[2020-09-15T01:05:04.746+0000][3.365s][info][gc,start       ] GC(17) Pause Young (Allocation Failure)
[2020-09-15T01:05:04.748+0000][3.367s][info][gc,heap        ] GC(17) PSYoungGen: 31168K->416K(45056K)
[2020-09-15T01:05:04.748+0000][3.367s][info][gc,heap        ] GC(17) ParOldGen: 30668K->31092K(466432K)
[2020-09-15T01:05:04.748+0000][3.367s][info][gc,metaspace   ] GC(17) Metaspace: 39827K->39827K(1087488K)
[2020-09-15T01:05:04.748+0000][3.367s][info][gc             ] GC(17) Pause Young (Allocation Failure) 60M->30M(499M) 1.883ms
[2020-09-15T01:05:04.748+0000][3.367s][info][gc,cpu         ] GC(17) User=0.01s Sys=0.00s Real=0.00s
[2020-09-15T01:05:04.786+0000][3.406s][info][gc,start       ] GC(18) Pause Young (Allocation Failure)
[2020-09-15T01:05:04.788+0000][3.408s][info][gc,heap        ] GC(18) PSYoungGen: 32160K->416K(44544K)
[2020-09-15T01:05:04.788+0000][3.408s][info][gc,heap        ] GC(18) ParOldGen: 31092K->31420K(466432K)
[2020-09-15T01:05:04.788+0000][3.408s][info][gc,metaspace   ] GC(18) Metaspace: 39834K->39834K(1087488K)
[2020-09-15T01:05:04.788+0000][3.408s][info][gc             ] GC(18) Pause Young (Allocation Failure) 61M->31M(499M) 2.167ms
[2020-09-15T01:05:04.788+0000][3.408s][info][gc,cpu         ] GC(18) User=0.01s Sys=0.00s Real=0.00s
[2020-09-15T01:05:04.844+0000][3.464s][info][gc,start       ] GC(19) Pause Young (Allocation Failure)
[2020-09-15T01:05:04.848+0000][3.467s][info][gc,heap        ] GC(19) PSYoungGen: 32160K->1408K(46080K)
[2020-09-15T01:05:04.848+0000][3.467s][info][gc,heap        ] GC(19) ParOldGen: 31420K->31800K(466432K)
[2020-09-15T01:05:04.848+0000][3.467s][info][gc,metaspace   ] GC(19) Metaspace: 39842K->39842K(1087488K)
[2020-09-15T01:05:04.848+0000][3.467s][info][gc             ] GC(19) Pause Young (Allocation Failure) 62M->32M(500M) 3.653ms
[2020-09-15T01:05:04.848+0000][3.467s][info][gc,cpu         ] GC(19) User=0.00s Sys=0.00s Real=0.00s
[2020-09-15T01:05:04.888+0000][3.507s][info][gc,start       ] GC(20) Pause Young (Allocation Failure)
[2020-09-15T01:05:04.890+0000][3.510s][info][gc,heap        ] GC(20) PSYoungGen: 35200K->928K(45568K)
[2020-09-15T01:05:04.890+0000][3.510s][info][gc,heap        ] GC(20) ParOldGen: 31800K->33162K(466432K)
[2020-09-15T01:05:04.890+0000][3.510s][info][gc,metaspace   ] GC(20) Metaspace: 39844K->39844K(1087488K)
[2020-09-15T01:05:04.890+0000][3.510s][info][gc             ] GC(20) Pause Young (Allocation Failure) 65M->33M(500M) 2.616ms
[2020-09-15T01:05:04.890+0000][3.510s][info][gc,cpu         ] GC(20) User=0.00s Sys=0.00s Real=0.00s
[2020-09-15T01:05:04.932+0000][3.552s][info][gc,start       ] GC(21) Pause Young (Allocation Failure)
[2020-09-15T01:05:04.935+0000][3.555s][info][gc,heap        ] GC(21) PSYoungGen: 34720K->512K(47104K)
[2020-09-15T01:05:04.935+0000][3.555s][info][gc,heap        ] GC(21) ParOldGen: 33162K->34042K(466432K)
[2020-09-15T01:05:04.935+0000][3.555s][info][gc,metaspace   ] GC(21) Metaspace: 39879K->39879K(1087488K)
[2020-09-15T01:05:04.935+0000][3.555s][info][gc             ] GC(21) Pause Young (Allocation Failure) 66M->33M(501M) 2.846ms
[2020-09-15T01:05:04.935+0000][3.555s][info][gc,cpu         ] GC(21) User=0.01s Sys=0.00s Real=0.01s
[2020-09-15T01:05:04.974+0000][3.593s][info][gc,start       ] GC(22) Pause Young (Allocation Failure)
[2020-09-15T01:05:04.976+0000][3.596s][info][gc,heap        ] GC(22) PSYoungGen: 36352K->608K(46592K)
[2020-09-15T01:05:04.976+0000][3.596s][info][gc,heap        ] GC(22) ParOldGen: 34042K->34555K(466432K)
[2020-09-15T01:05:04.976+0000][3.596s][info][gc,metaspace   ] GC(22) Metaspace: 39884K->39884K(1087488K)
[2020-09-15T01:05:04.976+0000][3.596s][info][gc             ] GC(22) Pause Young (Allocation Failure) 68M->34M(501M) 2.262ms
[2020-09-15T01:05:04.976+0000][3.596s][info][gc,cpu         ] GC(22) User=0.01s Sys=0.00s Real=0.01s
[2020-09-15T01:05:05.015+0000][3.634s][info][gc,start       ] GC(23) Pause Young (Allocation Failure)
[2020-09-15T01:05:05.018+0000][3.638s][info][gc,heap        ] GC(23) PSYoungGen: 36448K->640K(48128K)
[2020-09-15T01:05:05.018+0000][3.638s][info][gc,heap        ] GC(23) ParOldGen: 34555K->35129K(466432K)
[2020-09-15T01:05:05.018+0000][3.638s][info][gc,metaspace   ] GC(23) Metaspace: 39884K->39884K(1087488K)
[2020-09-15T01:05:05.018+0000][3.638s][info][gc             ] GC(23) Pause Young (Allocation Failure) 69M->34M(502M) 3.751ms
[2020-09-15T01:05:05.018+0000][3.638s][info][gc,cpu         ] GC(23) User=0.00s Sys=0.01s Real=0.01s
[2020-09-15T01:05:05.062+0000][3.682s][info][gc,start       ] GC(24) Pause Young (Allocation Failure)
[2020-09-15T01:05:05.064+0000][3.684s][info][gc,heap        ] GC(24) PSYoungGen: 38528K->640K(47616K)
[2020-09-15T01:05:05.064+0000][3.684s][info][gc,heap        ] GC(24) ParOldGen: 35129K->35761K(466432K)
[2020-09-15T01:05:05.064+0000][3.684s][info][gc,metaspace   ] GC(24) Metaspace: 39894K->39894K(1087488K)
[2020-09-15T01:05:05.064+0000][3.684s][info][gc             ] GC(24) Pause Young (Allocation Failure) 71M->35M(502M) 2.045ms
[2020-09-15T01:05:05.064+0000][3.684s][info][gc,cpu         ] GC(24) User=0.00s Sys=0.01s Real=0.01s
[2020-09-15T01:05:05.105+0000][3.725s][info][gc,start       ] GC(25) Pause Young (Allocation Failure)
[2020-09-15T01:05:05.111+0000][3.730s][info][gc,heap        ] GC(25) PSYoungGen: 38528K->704K(49152K)
[2020-09-15T01:05:05.111+0000][3.730s][info][gc,heap        ] GC(25) ParOldGen: 35761K->36353K(466432K)
[2020-09-15T01:05:05.111+0000][3.730s][info][gc,metaspace   ] GC(25) Metaspace: 39895K->39895K(1087488K)
[2020-09-15T01:05:05.111+0000][3.730s][info][gc             ] GC(25) Pause Young (Allocation Failure) 72M->36M(503M) 5.634ms
[2020-09-15T01:05:05.111+0000][3.730s][info][gc,cpu         ] GC(25) User=0.02s Sys=0.00s Real=0.00s
[2020-09-15T01:05:05.149+0000][3.769s][info][gc,start       ] GC(26) Pause Young (Allocation Failure)
[2020-09-15T01:05:05.152+0000][3.772s][info][gc,heap        ] GC(26) PSYoungGen: 40640K->352K(48640K)
[2020-09-15T01:05:05.152+0000][3.772s][info][gc,heap        ] GC(26) ParOldGen: 36353K->37053K(466432K)
[2020-09-15T01:05:05.152+0000][3.772s][info][gc,metaspace   ] GC(26) Metaspace: 39895K->39895K(1087488K)
[2020-09-15T01:05:05.152+0000][3.772s][info][gc             ] GC(26) Pause Young (Allocation Failure) 75M->36M(503M) 2.887ms
[2020-09-15T01:05:05.152+0000][3.772s][info][gc,cpu         ] GC(26) User=0.01s Sys=0.00s Real=0.00s
[2020-09-15T01:05:05.204+0000][3.823s][info][gc,start       ] GC(27) Pause Young (Allocation Failure)
[2020-09-15T01:05:05.206+0000][3.825s][info][gc,heap        ] GC(27) PSYoungGen: 40288K->944K(49664K)
[2020-09-15T01:05:05.206+0000][3.825s][info][gc,heap        ] GC(27) ParOldGen: 37053K->37341K(466432K)
[2020-09-15T01:05:05.206+0000][3.825s][info][gc,metaspace   ] GC(27) Metaspace: 39901K->39901K(1087488K)
[2020-09-15T01:05:05.206+0000][3.825s][info][gc             ] GC(27) Pause Young (Allocation Failure) 75M->37M(504M) 2.097ms
[2020-09-15T01:05:05.206+0000][3.825s][info][gc,cpu         ] GC(27) User=0.00s Sys=0.00s Real=0.00s
[2020-09-15T01:05:05.251+0000][3.871s][info][gc,start       ] GC(28) Pause Young (Allocation Failure)
[2020-09-15T01:05:05.253+0000][3.873s][info][gc,heap        ] GC(28) PSYoungGen: 41904K->992K(49152K)
[2020-09-15T01:05:05.253+0000][3.873s][info][gc,heap        ] GC(28) ParOldGen: 37341K->38271K(466432K)
[2020-09-15T01:05:05.253+0000][3.873s][info][gc,metaspace   ] GC(28) Metaspace: 39901K->39901K(1087488K)
[2020-09-15T01:05:05.253+0000][3.873s][info][gc             ] GC(28) Pause Young (Allocation Failure) 77M->38M(503M) 2.331ms
[2020-09-15T01:05:05.254+0000][3.873s][info][gc,cpu         ] GC(28) User=0.01s Sys=0.00s Real=0.00s
[2020-09-15T01:05:05.293+0000][3.912s][info][gc,start       ] GC(29) Pause Young (Allocation Failure)
[2020-09-15T01:05:05.295+0000][3.915s][info][gc,heap        ] GC(29) PSYoungGen: 41952K->704K(50688K)
[2020-09-15T01:05:05.296+0000][3.915s][info][gc,heap        ] GC(29) ParOldGen: 38271K->39215K(466432K)
[2020-09-15T01:05:05.296+0000][3.915s][info][gc,metaspace   ] GC(29) Metaspace: 39901K->39901K(1087488K)
[2020-09-15T01:05:05.296+0000][3.915s][info][gc             ] GC(29) Pause Young (Allocation Failure) 78M->38M(505M) 2.826ms
[2020-09-15T01:05:05.296+0000][3.915s][info][gc,cpu         ] GC(29) User=0.01s Sys=0.00s Real=0.01s
[2020-09-15T01:05:05.334+0000][3.954s][info][gc,start       ] GC(30) Pause Young (Allocation Failure)
[2020-09-15T01:05:05.337+0000][3.957s][info][gc,heap        ] GC(30) PSYoungGen: 43712K->416K(50176K)
[2020-09-15T01:05:05.337+0000][3.957s][info][gc,heap        ] GC(30) ParOldGen: 39215K->39895K(466432K)
[2020-09-15T01:05:05.337+0000][3.957s][info][gc,metaspace   ] GC(30) Metaspace: 39901K->39901K(1087488K)
[2020-09-15T01:05:05.337+0000][3.957s][info][gc             ] GC(30) Pause Young (Allocation Failure) 80M->39M(504M) 3.037ms
[2020-09-15T01:05:05.337+0000][3.957s][info][gc,cpu         ] GC(30) User=0.01s Sys=0.00s Real=0.01s
[2020-09-15T01:05:05.379+0000][3.999s][info][gc,start       ] GC(31) Pause Young (Allocation Failure)
[2020-09-15T01:05:05.383+0000][4.003s][info][gc,heap        ] GC(31) PSYoungGen: 43424K->576K(51712K)
[2020-09-15T01:05:05.383+0000][4.003s][info][gc,heap        ] GC(31) ParOldGen: 39895K->40263K(466432K)
[2020-09-15T01:05:05.383+0000][4.003s][info][gc,metaspace   ] GC(31) Metaspace: 39901K->39901K(1087488K)
[2020-09-15T01:05:05.383+0000][4.003s][info][gc             ] GC(31) Pause Young (Allocation Failure) 81M->39M(506M) 3.982ms
[2020-09-15T01:05:05.383+0000][4.003s][info][gc,cpu         ] GC(31) User=0.00s Sys=0.01s Real=0.01s
[2020-09-15T01:05:05.505+0000][4.125s][info][gc,start       ] GC(32) Pause Young (Allocation Failure)
[2020-09-15T01:05:05.512+0000][4.131s][info][gc,heap        ] GC(32) PSYoungGen: 45632K->768K(51200K)
[2020-09-15T01:05:05.512+0000][4.131s][info][gc,heap        ] GC(32) ParOldGen: 40263K->40820K(466432K)
[2020-09-15T01:05:05.512+0000][4.131s][info][gc,metaspace   ] GC(32) Metaspace: 40162K->40162K(1087488K)
[2020-09-15T01:05:05.512+0000][4.131s][info][gc             ] GC(32) Pause Young (Allocation Failure) 83M->40M(505M) 6.385ms
[2020-09-15T01:05:05.512+0000][4.131s][info][gc,cpu         ] GC(32) User=0.01s Sys=0.01s Real=0.00s
[2020-09-15T01:05:05.831+0000][4.451s][info][gc,start       ] GC(33) Pause Young (Allocation Failure)
[2020-09-15T01:05:05.838+0000][4.457s][info][gc,heap        ] GC(33) PSYoungGen: 45824K->2976K(51712K)
[2020-09-15T01:05:05.838+0000][4.457s][info][gc,heap        ] GC(33) ParOldGen: 40820K->41488K(466432K)
[2020-09-15T01:05:05.838+0000][4.457s][info][gc,metaspace   ] GC(33) Metaspace: 41528K->41528K(1087488K)
[2020-09-15T01:05:05.838+0000][4.457s][info][gc             ] GC(33) Pause Young (Allocation Failure) 84M->43M(506M) 6.455ms
[2020-09-15T01:05:05.838+0000][4.457s][info][gc,cpu         ] GC(33) User=0.02s Sys=0.00s Real=0.01s
[2020-09-15T01:05:05.945+0000][4.565s][info][gc,start       ] GC(34) Pause Young (Allocation Failure)
[2020-09-15T01:05:05.957+0000][4.576s][info][gc,heap        ] GC(34) PSYoungGen: 48544K->2848K(51712K)
[2020-09-15T01:05:05.957+0000][4.576s][info][gc,heap        ] GC(34) ParOldGen: 41488K->43899K(466432K)
[2020-09-15T01:05:05.957+0000][4.576s][info][gc,metaspace   ] GC(34) Metaspace: 41580K->41580K(1087488K)
[2020-09-15T01:05:05.957+0000][4.576s][info][gc             ] GC(34) Pause Young (Allocation Failure) 87M->45M(506M) 11.570ms
[2020-09-15T01:05:05.957+0000][4.576s][info][gc,cpu         ] GC(34) User=0.04s Sys=0.01s Real=0.01s
[2020-09-15T01:05:06.005+0000][4.624s][info][gc,start       ] GC(35) Pause Young (Allocation Failure)
[2020-09-15T01:05:06.013+0000][4.633s][info][gc,heap        ] GC(35) PSYoungGen: 48416K->1216K(52224K)
[2020-09-15T01:05:06.013+0000][4.633s][info][gc,heap        ] GC(35) ParOldGen: 43899K->46618K(466432K)
[2020-09-15T01:05:06.013+0000][4.633s][info][gc,metaspace   ] GC(35) Metaspace: 41580K->41580K(1087488K)
[2020-09-15T01:05:06.013+0000][4.633s][info][gc             ] GC(35) Pause Young (Allocation Failure) 90M->46M(506M) 8.645ms
[2020-09-15T01:05:06.013+0000][4.633s][info][gc,cpu         ] GC(35) User=0.01s Sys=0.01s Real=0.00s
[2020-09-15T01:05:06.058+0000][4.677s][info][gc,start       ] GC(36) Pause Young (Allocation Failure)
[2020-09-15T01:05:06.064+0000][4.683s][info][gc,heap        ] GC(36) PSYoungGen: 47296K->704K(51712K)
[2020-09-15T01:05:06.064+0000][4.683s][info][gc,heap        ] GC(36) ParOldGen: 46618K->47702K(466432K)
[2020-09-15T01:05:06.064+0000][4.683s][info][gc,metaspace   ] GC(36) Metaspace: 41580K->41580K(1087488K)
[2020-09-15T01:05:06.064+0000][4.683s][info][gc             ] GC(36) Pause Young (Allocation Failure) 91M->47M(506M) 5.772ms
[2020-09-15T01:05:06.064+0000][4.683s][info][gc,cpu         ] GC(36) User=0.02s Sys=0.01s Real=0.01s
[2020-09-15T01:05:06.111+0000][4.731s][info][gc,start       ] GC(37) Pause Young (Allocation Failure)
[2020-09-15T01:05:06.114+0000][4.733s][info][gc,heap        ] GC(37) PSYoungGen: 46784K->608K(52736K)
[2020-09-15T01:05:06.114+0000][4.733s][info][gc,heap        ] GC(37) ParOldGen: 47702K->48118K(466432K)
[2020-09-15T01:05:06.114+0000][4.733s][info][gc,metaspace   ] GC(37) Metaspace: 41580K->41580K(1087488K)
[2020-09-15T01:05:06.114+0000][4.733s][info][gc             ] GC(37) Pause Young (Allocation Failure) 92M->47M(507M) 2.130ms
[2020-09-15T01:05:06.114+0000][4.733s][info][gc,cpu         ] GC(37) User=0.00s Sys=0.00s Real=0.00s
[2020-09-15T01:05:06.164+0000][4.783s][info][gc,start       ] GC(38) Pause Young (Allocation Failure)
[2020-09-15T01:05:06.167+0000][4.786s][info][gc,heap        ] GC(38) PSYoungGen: 47712K->640K(52224K)
[2020-09-15T01:05:06.167+0000][4.786s][info][gc,heap        ] GC(38) ParOldGen: 48118K->48478K(466432K)
[2020-09-15T01:05:06.167+0000][4.786s][info][gc,metaspace   ] GC(38) Metaspace: 41580K->41580K(1087488K)
[2020-09-15T01:05:06.167+0000][4.786s][info][gc             ] GC(38) Pause Young (Allocation Failure) 93M->47M(506M) 3.060ms
[2020-09-15T01:05:06.167+0000][4.786s][info][gc,cpu         ] GC(38) User=0.01s Sys=0.00s Real=0.00s
[2020-09-15T01:05:06.223+0000][4.843s][info][gc,start       ] GC(39) Pause Young (Allocation Failure)
[2020-09-15T01:05:06.228+0000][4.847s][info][gc,heap        ] GC(39) PSYoungGen: 47744K->2240K(52736K)
[2020-09-15T01:05:06.228+0000][4.847s][info][gc,heap        ] GC(39) ParOldGen: 48478K->48822K(466432K)
[2020-09-15T01:05:06.228+0000][4.847s][info][gc,metaspace   ] GC(39) Metaspace: 41580K->41580K(1087488K)
[2020-09-15T01:05:06.228+0000][4.847s][info][gc             ] GC(39) Pause Young (Allocation Failure) 93M->49M(507M) 4.724ms
[2020-09-15T01:05:06.228+0000][4.847s][info][gc,cpu         ] GC(39) User=0.01s Sys=0.00s Real=0.00s
[2020-09-15T01:05:06.285+0000][4.905s][info][gc,start       ] GC(40) Pause Young (Allocation Failure)
[2020-09-15T01:05:06.291+0000][4.911s][info][gc,heap        ] GC(40) PSYoungGen: 49856K->1488K(52736K)
[2020-09-15T01:05:06.291+0000][4.911s][info][gc,heap        ] GC(40) ParOldGen: 48822K->50686K(466432K)
[2020-09-15T01:05:06.291+0000][4.911s][info][gc,metaspace   ] GC(40) Metaspace: 41580K->41580K(1087488K)
[2020-09-15T01:05:06.291+0000][4.911s][info][gc             ] GC(40) Pause Young (Allocation Failure) 96M->50M(507M) 5.971ms
[2020-09-15T01:05:06.291+0000][4.911s][info][gc,cpu         ] GC(40) User=0.02s Sys=0.00s Real=0.00s
[2020-09-15T01:05:06.351+0000][4.970s][info][gc,start       ] GC(41) Pause Young (Allocation Failure)
[2020-09-15T01:05:06.354+0000][4.974s][info][gc,heap        ] GC(41) PSYoungGen: 49104K->1136K(53248K)
[2020-09-15T01:05:06.354+0000][4.974s][info][gc,heap        ] GC(41) ParOldGen: 50686K->51510K(466432K)
[2020-09-15T01:05:06.354+0000][4.974s][info][gc,metaspace   ] GC(41) Metaspace: 41581K->41581K(1087488K)
[2020-09-15T01:05:06.354+0000][4.974s][info][gc             ] GC(41) Pause Young (Allocation Failure) 97M->51M(507M) 3.552ms
[2020-09-15T01:05:06.354+0000][4.974s][info][gc,cpu         ] GC(41) User=0.01s Sys=0.00s Real=0.00s
[2020-09-15T01:05:06.772+0000][5.391s][info][gc,start       ] GC(42) Pause Young (Allocation Failure)
[2020-09-15T01:05:06.781+0000][5.401s][info][gc,heap        ] GC(42) PSYoungGen: 49776K->4416K(53248K)
[2020-09-15T01:05:06.781+0000][5.401s][info][gc,heap        ] GC(42) ParOldGen: 51510K->52086K(466432K)
[2020-09-15T01:05:06.782+0000][5.401s][info][gc,metaspace   ] GC(42) Metaspace: 43112K->43112K(1089536K)
[2020-09-15T01:05:06.782+0000][5.401s][info][gc             ] GC(42) Pause Young (Allocation Failure) 98M->55M(507M) 9.835ms
[2020-09-15T01:05:06.782+0000][5.401s][info][gc,cpu         ] GC(42) User=0.03s Sys=0.00s Real=0.01s
[2020-09-15T01:05:07.696+0000][6.315s][info][gc,start       ] GC(43) Pause Young (Allocation Failure)
[2020-09-15T01:05:07.703+0000][6.323s][info][gc,heap        ] GC(43) PSYoungGen: 53056K->2624K(52224K)
[2020-09-15T01:05:07.703+0000][6.323s][info][gc,heap        ] GC(43) ParOldGen: 52086K->56390K(466432K)
[2020-09-15T01:05:07.703+0000][6.323s][info][gc,metaspace   ] GC(43) Metaspace: 43851K->43851K(1091584K)
[2020-09-15T01:05:07.703+0000][6.323s][info][gc             ] GC(43) Pause Young (Allocation Failure) 102M->57M(506M) 7.729ms
[2020-09-15T01:05:07.703+0000][6.323s][info][gc,cpu         ] GC(43) User=0.02s Sys=0.00s Real=0.01s
[2020-09-15T01:05:08.561+0000][7.181s][info][gc,start       ] GC(44) Pause Young (Allocation Failure)
[2020-09-15T01:05:08.568+0000][7.188s][info][gc,heap        ] GC(44) PSYoungGen: 50240K->224K(52736K)
[2020-09-15T01:05:08.569+0000][7.188s][info][gc,heap        ] GC(44) ParOldGen: 56390K->58950K(466432K)
[2020-09-15T01:05:08.569+0000][7.188s][info][gc,metaspace   ] GC(44) Metaspace: 44361K->44361K(1091584K)
[2020-09-15T01:05:08.569+0000][7.188s][info][gc             ] GC(44) Pause Young (Allocation Failure) 104M->57M(507M) 7.264ms
[2020-09-15T01:05:08.569+0000][7.188s][info][gc,cpu         ] GC(44) User=0.01s Sys=0.01s Real=0.01s
[2020-09-15T01:05:09.470+0000][8.089s][info][gc,start       ] GC(45) Pause Young (Allocation Failure)
[2020-09-15T01:05:09.474+0000][8.093s][info][gc,heap        ] GC(45) PSYoungGen: 47840K->2253K(52736K)
[2020-09-15T01:05:09.474+0000][8.093s][info][gc,heap        ] GC(45) ParOldGen: 58950K->59126K(466432K)
[2020-09-15T01:05:09.474+0000][8.093s][info][gc,metaspace   ] GC(45) Metaspace: 48848K->48848K(1095680K)
[2020-09-15T01:05:09.474+0000][8.093s][info][gc             ] GC(45) Pause Young (Allocation Failure) 104M->59M(507M) 3.828ms
[2020-09-15T01:05:09.474+0000][8.093s][info][gc,cpu         ] GC(45) User=0.01s Sys=0.00s Real=0.00s
[2020-09-15T01:05:10.158+0000][8.778s][info][gc,start       ] GC(46) Pause Young (Allocation Failure)
[2020-09-15T01:05:10.165+0000][8.784s][info][gc,heap        ] GC(46) PSYoungGen: 49869K->5088K(52736K)
[2020-09-15T01:05:10.165+0000][8.784s][info][gc,heap        ] GC(46) ParOldGen: 59126K->61559K(466432K)
[2020-09-15T01:05:10.165+0000][8.785s][info][gc,metaspace   ] GC(46) Metaspace: 55450K->55450K(1101824K)
[2020-09-15T01:05:10.165+0000][8.785s][info][gc             ] GC(46) Pause Young (Allocation Failure) 106M->65M(507M) 6.696ms
[2020-09-15T01:05:10.165+0000][8.785s][info][gc,cpu         ] GC(46) User=0.03s Sys=0.00s Real=0.01s
[2020-09-15T01:05:10.608+0000][9.228s][info][gc,heap,exit   ] Heap
[2020-09-15T01:05:10.608+0000][9.228s][info][gc,heap,exit   ]  PSYoungGen      total 52736K, used 31228K [0x00000000fc780000, 0x0000000100000000, 0x0000000100000000)
[2020-09-15T01:05:10.608+0000][9.228s][info][gc,heap,exit   ]   eden space 47616K, 54% used [0x00000000fc780000,0x00000000fe107058,0x00000000ff600000)
[2020-09-15T01:05:10.608+0000][9.228s][info][gc,heap,exit   ]   from space 5120K, 99% used [0x00000000ff600000,0x00000000ffaf8040,0x00000000ffb00000)
[2020-09-15T01:05:10.608+0000][9.228s][info][gc,heap,exit   ]   to   space 5120K, 0% used [0x00000000ffb00000,0x00000000ffb00000,0x0000000100000000)
[2020-09-15T01:05:10.608+0000][9.228s][info][gc,heap,exit   ]  ParOldGen       total 466432K, used 61559K [0x00000000e0000000, 0x00000000fc780000, 0x00000000fc780000)
[2020-09-15T01:05:10.608+0000][9.228s][info][gc,heap,exit   ]   object space 466432K, 13% used [0x00000000e0000000,0x00000000e3c1de68,0x00000000fc780000)
[2020-09-15T01:05:10.608+0000][9.228s][info][gc,heap,exit   ]  Metaspace       used 56875K, capacity 57352K, committed 58664K, reserved 1101824K
[2020-09-15T01:05:10.608+0000][9.228s][info][gc,heap,exit   ]   class space    used 5469K, capacity 5635K, committed 5752K, reserved 1048576K
